[     153ms] [ERROR] Failed to load resource: the server responded with a status of 404 (File not found) @ http://localhost:8934/api/feeds?type=rss:0
[     154ms] [ERROR] Failed to load resource: the server responded with a status of 404 (File not found) @ http://localhost:8934/api/cb-status:0
[     154ms] [WARNING] CB fetch failed: HTTP 404 @ http://localhost:8934/index.html:7846
[     154ms] [ERROR] Failed to load resource: the server responded with a status of 404 (File not found) @ http://localhost:8934/api/admin?action=fundamental_get:0
[     154ms] [ERROR] Failed to load resource: the server responded with a status of 404 (File not found) @ http://localhost:8934/api/market-digest?mode=cached&device_id=dev_8ivipduz4a8ms8s4mf2:0
[     154ms] [ERROR] Failed to load resource: the server responded with a status of 404 (File not found) @ http://localhost:8934/api/admin?action=ohlcv_dashboard:0
[     154ms] [ERROR] Failed to load resource: the server responded with a status of 404 (File not found) @ http://localhost:8934/api/feeds?type=retail:0
[     154ms] [WARNING] fetchRetailSentiment failed: HTTP 404 @ http://localhost:8934/index.html:9792
[     155ms] [ERROR] Failed to load resource: the server responded with a status of 404 (File not found) @ http://localhost:8934/api/calendar:0
[     156ms] [WARNING] <meta name="apple-mobile-web-app-capable" content="yes"> is deprecated. Please include <meta name="mobile-web-app-capable" content="yes"> @ http://localhost:8934/index.html#dashboard:0
[     161ms] [INFO] Banner not shown: beforeinstallpromptevent.preventDefault() called. The page must call beforeinstallpromptevent.prompt() to show the banner. @ http://localhost:8934/index.html#dashboard:0
[     957ms] [ERROR] Failed to load resource: the server responded with a status of 404 (File not found) @ http://localhost:8934/api/risk-regime:0
[     958ms] [WARNING] risk-regime fetch failed: HTTP 404 @ http://localhost:8934/index.html:11683
[    1362ms] [ERROR] Failed to load resource: the server responded with a status of 404 (File not found) @ http://localhost:8934/api/real-yields:0
[    1362ms] [WARNING] Real yields fetch failed: HTTP 404 @ http://localhost:8934/index.html:8698
[    1753ms] [ERROR] Failed to load resource: the server responded with a status of 404 (File not found) @ http://localhost:8934/api/correlations?action=daily-snapshot:0
[    1753ms] [WARNING] fetchDailySnapshot failed: HTTP 404 @ http://localhost:8934/index.html:9169
[    2159ms] [ERROR] Failed to load resource: the server responded with a status of 404 (File not found) @ http://localhost:8934/api/feeds?type=retail:0
[    2159ms] [WARNING] fetchRetailSentiment failed: HTTP 404 @ http://localhost:8934/index.html:9792
[    8163ms] [ERROR] Failed to load resource: the server responded with a status of 404 (File not found) @ http://localhost:8934/api/feeds?type=rss:0
[   16179ms] [ERROR] Failed to load resource: the server responded with a status of 404 (File not found) @ http://localhost:8934/api/feeds?type=rss:0
